{
  "openapi": "3.1.0",
  "paths": {
    "/ext": {
      "post": {
        "requestBody": {
          "content": {
            "text/plain": {
              "schema": {
                "type": "string"
              }
            }
          }
        },
        "responses": {
          "200": {
            "description": "OK",
            "content": {
              "text/plain": {
                "schema": {
                  "type": "string"
                }
              }
            }
          }
        },
        "callbacks": {
          "extendedCallback": {
            "http://localhost:8080/resources/ext-callback": {
              "get": {
                "summary": "Get results",
                "responses": {
                  "200": {
                    "description": "successful operation",
                    "content": {
                      "application/json": {
                        "schema": {
                          "type": "array",
                          "items": {
                            "type": "string"
                          }
                        }
                      }
                    }
                  }
                },
                "x-object": {
                  "key": "value"
                },
                "x-object-unparsed": "{ \"key\":\"value\" }",
                "x-array": [
                  "val1",
                  "val2"
                ],
                "x-booltrue": true,
                "x-boolfalse": false,
                "x-number": 42,
                "x-number-sci": 4.2E56,
                "x-positive-number-remains-string": "+42",
                "x-negative-number": -42,
                "x-unparsable-number": "-Not.A.Number"
              }
            }
          }
        }
      }
    }
  }
}
