{
  "openapi": "3.1.0",
  "paths": {
    "/ext/segment1": {
      "get": {
        "parameters": [
          {
            "name": "data",
            "in": "query",
            "schema": {
              "type": "string"
            },
            "x-qparam-data-ext": 1
          }
        ],
        "responses": {
          "200": {
            "description": "OK",
            "content": {
              "text/plain": {
                "schema": {
                  "$ref": "#/components/schemas/Model"
                }
              }
            }
          }
        },
        "x-operation-ext": "plain string"
      }
    }
  },
  "components": {
    "schemas": {
      "Model": {
        "type": "object",
        "properties": {
          "value1": {
            "type": "string",
            "x-value1-ext": "plain string"
          },
          "value2": {
            "format": "int32",
            "type": "integer",
            "x-value2-ext": "plain string"
          }
        },
        "x-model-schema-ext": {
          "key": "value"
        }
      }
    }
  }
}
